
> destination-wedding-platform@0.1.0 test:e2e
> playwright test guest/guestGroups.spec.ts

[dotenv@17.2.4] injecting env (29) from .env.e2e -- tip: 👥 sync secrets across teammates & machines: https://dotenvx.com/ops

🚀 E2E Global Setup Starting...

📊 Verifying test database connection...
✅ Test database connected

🧹 Cleaning up test data...
🧹 Running comprehensive test cleanup...
✅ Comprehensive cleanup complete
✅ Test data cleaned

🌐 Verifying Next.js server...
✅ Next.js server is running

🔐 Setting up admin authentication...
   Admin user already exists: admin@example.com (role: host)
   Authenticating via Supabase API...
   ✅ API authentication successful (User ID: e7f5ae65-376e-4d05-a18c-10a91295727a)
   Creating storage state from API session...
   ✅ Storage state created from API session
   Auth state saved to: .auth/admin.json
   Verifying authentication...
   Current URL: http://localhost:3000/admin
   ✅ Admin UI is visible
   ✅ Authentication verified
   Logged in as: admin@example.com
✅ Admin authentication saved

✨ E2E Global Setup Complete!


Running 12 tests using 1 worker

[dotenv@17.2.4] injecting env (0) from .env.e2e -- tip: 📡 add observability to secrets: https://dotenvx.com/ops
  ✘   1 [chromium] › __tests__/e2e/guest/guestGroups.spec.ts:53:7 › Guest Groups Management › should create group and immediately use it for guest creation (15.1s)
[dotenv@17.2.4] injecting env (0) from .env.e2e -- tip: 🛠️  run anywhere with `dotenvx run -- yourcommand`
  ✘   2 [chromium] › __tests__/e2e/guest/guestGroups.spec.ts:53:7 › Guest Groups Management › should create group and immediately use it for guest creation (retry #1) (15.9s)
[dotenv@17.2.4] injecting env (0) from .env.e2e -- tip: 🗂️ backup and recover secrets: https://dotenvx.com/ops
  ✘   3 [chromium] › __tests__/e2e/guest/guestGroups.spec.ts:131:7 › Guest Groups Management › should update and delete groups with proper handling (20.4s)
[dotenv@17.2.4] injecting env (0) from .env.e2e -- tip: 🔐 prevent committing .env to code: https://dotenvx.com/precommit
  ✘   4 [chromium] › __tests__/e2e/guest/guestGroups.spec.ts:131:7 › Guest Groups Management › should update and delete groups with proper handling (retry #1) (21.0s)
[dotenv@17.2.4] injecting env (0) from .env.e2e -- tip: 🛠️  run anywhere with `dotenvx run -- yourcommand`
  ✘   5 [chromium] › __tests__/e2e/guest/guestGroups.spec.ts:162:7 › Guest Groups Management › should handle multiple groups in dropdown correctly (31.5s)
[dotenv@17.2.4] injecting env (0) from .env.e2e -- tip: ✅ audit secrets and track compliance: https://dotenvx.com/ops
  ✘   6 [chromium] › __tests__/e2e/guest/guestGroups.spec.ts:162:7 › Guest Groups Management › should handle multiple groups in dropdown correctly (retry #1) (31.3s)
[dotenv@17.2.4] injecting env (0) from .env.e2e -- tip: 🔑 add access controls to secrets: https://dotenvx.com/ops
  ✘   7 [chromium] › __tests__/e2e/guest/guestGroups.spec.ts:198:7 › Guest Groups Management › should show validation errors and handle form states (3.9s)
[dotenv@17.2.4] injecting env (0) from .env.e2e -- tip: 📡 add observability to secrets: https://dotenvx.com/ops
  ✘   8 [chromium] › __tests__/e2e/guest/guestGroups.spec.ts:198:7 › Guest Groups Management › should show validation errors and handle form states (retry #1) (3.7s)
[dotenv@17.2.4] injecting env (0) from .env.e2e -- tip: 🔐 encrypt with Dotenvx: https://dotenvx.com
  ✓   9 [chromium] › __tests__/e2e/guest/guestGroups.spec.ts:224:7 › Guest Groups Management › should handle network errors and prevent duplicates (7.2s)
  ✓  10 [chromium] › __tests__/e2e/guest/guestGroups.spec.ts:274:7 › Dropdown Reactivity & State Management › should update dropdown immediately after creating new group (2.9s)
  ✘  11 [chromium] › __tests__/e2e/guest/guestGroups.spec.ts:308:7 › Dropdown Reactivity & State Management › should handle async params and maintain state across navigation (3.9s)
[dotenv@17.2.4] injecting env (0) from .env.e2e -- tip: ⚙️  suppress all logs with { quiet: true }
  ✘  12 [chromium] › __tests__/e2e/guest/guestGroups.spec.ts:308:7 › Dropdown Reactivity & State Management › should handle async params and maintain state across navigation (retry #1) (4.6s)
[dotenv@17.2.4] injecting env (0) from .env.e2e -- tip: 🔐 prevent committing .env to code: https://dotenvx.com/precommit
  ✘  13 [chromium] › __tests__/e2e/guest/guestGroups.spec.ts:343:7 › Dropdown Reactivity & State Management › should handle loading and error states in dropdown (835ms)
[dotenv@17.2.4] injecting env (0) from .env.e2e -- tip: 🔐 prevent building .env in docker: https://dotenvx.com/prebuild
  ✘  14 [chromium] › __tests__/e2e/guest/guestGroups.spec.ts:343:7 › Dropdown Reactivity & State Management › should handle loading and error states in dropdown (retry #1) (1.0s)
  -  15 [chromium] › __tests__/e2e/guest/guestGroups.spec.ts:410:8 › Guest Registration › should complete full guest registration flow
  -  16 [chromium] › __tests__/e2e/guest/guestGroups.spec.ts:442:8 › Guest Registration › should prevent XSS and validate form inputs
  -  17 [chromium] › __tests__/e2e/guest/guestGroups.spec.ts:487:8 › Guest Registration › should handle duplicate email and be keyboard accessible
[dotenv@17.2.4] injecting env (0) from .env.e2e -- tip: 🔐 prevent committing .env to code: https://dotenvx.com/precommit
  ✓  18 [chromium] › __tests__/e2e/guest/guestGroups.spec.ts:537:7 › Guest Groups - Accessibility › should have proper accessibility attributes (898ms)

🧹 E2E Global Teardown Starting...

🗑️  Cleaning up test data...
🧹 Running comprehensive test cleanup...
✅ Comprehensive cleanup complete
✅ Test data cleaned

🔓 Keeping authentication state for debugging...
   Auth files preserved in .auth/ directory
   Run "rm -rf .auth" to clean up manually

📊 Execution Summary:
   Duration: 2.37s
   Errors: 0
   Status: ✅ Clean teardown

✨ E2E Global Teardown Complete!



  1) [chromium] › __tests__/e2e/guest/guestGroups.spec.ts:53:7 › Guest Groups Management › should create group and immediately use it for guest creation › Verify guest appears with correct group 

    Error: [2mexpect([22m[31mlocator[39m[2m).[22mtoBeVisible[2m([22m[2m)[22m failed

    Locator: locator('text=John Doe')
    Expected: visible
    Timeout: 10000ms
    Error: element(s) not found

    Call log:
    [2m  - Expect "toBeVisible" with timeout 10000ms[22m
    [2m  - waiting for locator('text=John Doe')[22m


      119 |     await test.step('Verify guest appears with correct group', async () => {
      120 |       // Guest should be visible in the table
    > 121 |       await expect(page.locator(`text=${guestFirstName} ${guestLastName}`)).toBeVisible({ timeout: 10000 });
          |                                                                             ^
      122 |       
      123 |       // Find the row containing the guest
      124 |       const guestRow = page.locator(`tr:has-text("${guestFirstName} ${guestLastName}")`);
        at /Users/jaron/Desktop/wedding-platform-v2/__tests__/e2e/guest/guestGroups.spec.ts:121:77
        at /Users/jaron/Desktop/wedding-platform-v2/__tests__/e2e/guest/guestGroups.spec.ts:119:16

    attachment #1: screenshot (image/png) ──────────────────────────────────────────────────────────
    test-results/guest-guestGroups-Guest-Gr-fcaa6-y-use-it-for-guest-creation-chromium/test-failed-1.png
    ────────────────────────────────────────────────────────────────────────────────────────────────

    attachment #2: video (video/webm) ──────────────────────────────────────────────────────────────
    test-results/guest-guestGroups-Guest-Gr-fcaa6-y-use-it-for-guest-creation-chromium/video.webm
    ────────────────────────────────────────────────────────────────────────────────────────────────

    Error Context: test-results/guest-guestGroups-Guest-Gr-fcaa6-y-use-it-for-guest-creation-chromium/error-context.md

    Retry #1 ───────────────────────────────────────────────────────────────────────────────────────

    Error: [2mexpect([22m[31mlocator[39m[2m).[22mtoBeVisible[2m([22m[2m)[22m failed

    Locator: locator('text=John Doe')
    Expected: visible
    Timeout: 10000ms
    Error: element(s) not found

    Call log:
    [2m  - Expect "toBeVisible" with timeout 10000ms[22m
    [2m  - waiting for locator('text=John Doe')[22m


      119 |     await test.step('Verify guest appears with correct group', async () => {
      120 |       // Guest should be visible in the table
    > 121 |       await expect(page.locator(`text=${guestFirstName} ${guestLastName}`)).toBeVisible({ timeout: 10000 });
          |                                                                             ^
      122 |       
      123 |       // Find the row containing the guest
      124 |       const guestRow = page.locator(`tr:has-text("${guestFirstName} ${guestLastName}")`);
        at /Users/jaron/Desktop/wedding-platform-v2/__tests__/e2e/guest/guestGroups.spec.ts:121:77
        at /Users/jaron/Desktop/wedding-platform-v2/__tests__/e2e/guest/guestGroups.spec.ts:119:16

    attachment #1: screenshot (image/png) ──────────────────────────────────────────────────────────
    test-results/guest-guestGroups-Guest-Gr-fcaa6-y-use-it-for-guest-creation-chromium-retry1/test-failed-1.png
    ────────────────────────────────────────────────────────────────────────────────────────────────

    attachment #2: video (video/webm) ──────────────────────────────────────────────────────────────
    test-results/guest-guestGroups-Guest-Gr-fcaa6-y-use-it-for-guest-creation-chromium-retry1/video.webm
    ────────────────────────────────────────────────────────────────────────────────────────────────

    Error Context: test-results/guest-guestGroups-Guest-Gr-fcaa6-y-use-it-for-guest-creation-chromium-retry1/error-context.md

    attachment #4: trace (application/zip) ─────────────────────────────────────────────────────────
    test-results/guest-guestGroups-Guest-Gr-fcaa6-y-use-it-for-guest-creation-chromium-retry1/trace.zip
    Usage:

        npx playwright show-trace test-results/guest-guestGroups-Guest-Gr-fcaa6-y-use-it-for-guest-creation-chromium-retry1/trace.zip

    ────────────────────────────────────────────────────────────────────────────────────────────────

  2) [chromium] › __tests__/e2e/guest/guestGroups.spec.ts:131:7 › Guest Groups Management › should update and delete groups with proper handling 

    TimeoutError: page.click: Timeout 15000ms exceeded.
    Call log:
    [2m  - waiting for locator('button:has-text("Delete")')[22m
    [2m    - locator resolved to 835 elements. Proceeding with the first one: <button aria-label="Delete Cleanup Test Group 1770225767151" class="text-volcano-600 hover:text-volcano-800 text-sm font-medium min-h-[44px] min-w-[44px] flex items-center justify-center px-2">Delete</button>[22m
    [2m  - attempting click action[22m
    [2m    2 × waiting for element to be visible, enabled and stable[22m
    [2m      - element is visible, enabled and stable[22m
    [2m      - scrolling into view if needed[22m
    [2m      - done scrolling[22m
    [2m      - element is outside of the viewport[22m
    [2m    - retrying click action[22m
    [2m    - waiting 20ms[22m
    [2m    2 × waiting for element to be visible, enabled and stable[22m
    [2m      - element is visible, enabled and stable[22m
    [2m      - scrolling into view if needed[22m
    [2m      - done scrolling[22m
    [2m      - element is outside of the viewport[22m
    [2m    - retrying click action[22m
    [2m      - waiting 100ms[22m
    [2m    28 × waiting for element to be visible, enabled and stable[22m
    [2m       - element is visible, enabled and stable[22m
    [2m       - scrolling into view if needed[22m
    [2m       - done scrolling[22m
    [2m       - element is outside of the viewport[22m
    [2m     - retrying click action[22m
    [2m       - waiting 500ms[22m


      153 |     
      154 |     // Confirm deletion
    > 155 |     await page.click('button:has-text("Delete")');
          |                ^
      156 |     await page.waitForTimeout(2000);
      157 |     
      158 |     // Verify group is removed (check that it doesn't exist anywhere)
        at /Users/jaron/Desktop/wedding-platform-v2/__tests__/e2e/guest/guestGroups.spec.ts:155:16

    attachment #1: screenshot (image/png) ──────────────────────────────────────────────────────────
    test-results/guest-guestGroups-Guest-Gr-592c7-groups-with-proper-handling-chromium/test-failed-1.png
    ────────────────────────────────────────────────────────────────────────────────────────────────

    attachment #2: video (video/webm) ──────────────────────────────────────────────────────────────
    test-results/guest-guestGroups-Guest-Gr-592c7-groups-with-proper-handling-chromium/video.webm
    ────────────────────────────────────────────────────────────────────────────────────────────────

    Error Context: test-results/guest-guestGroups-Guest-Gr-592c7-groups-with-proper-handling-chromium/error-context.md

    Retry #1 ───────────────────────────────────────────────────────────────────────────────────────

    TimeoutError: page.click: Timeout 15000ms exceeded.
    Call log:
    [2m  - waiting for locator('button:has-text("Delete")')[22m
    [2m    - locator resolved to 836 elements. Proceeding with the first one: <button aria-label="Delete Cleanup Test Group 1770225767151" class="text-volcano-600 hover:text-volcano-800 text-sm font-medium min-h-[44px] min-w-[44px] flex items-center justify-center px-2">Delete</button>[22m
    [2m  - attempting click action[22m
    [2m    2 × waiting for element to be visible, enabled and stable[22m
    [2m      - element is visible, enabled and stable[22m
    [2m      - scrolling into view if needed[22m
    [2m      - done scrolling[22m
    [2m      - element is outside of the viewport[22m
    [2m    - retrying click action[22m
    [2m    - waiting 20ms[22m
    [2m    2 × waiting for element to be visible, enabled and stable[22m
    [2m      - element is visible, enabled and stable[22m
    [2m      - scrolling into view if needed[22m
    [2m      - done scrolling[22m
    [2m      - element is outside of the viewport[22m
    [2m    - retrying click action[22m
    [2m      - waiting 100ms[22m
    [2m    29 × waiting for element to be visible, enabled and stable[22m
    [2m       - element is visible, enabled and stable[22m
    [2m       - scrolling into view if needed[22m
    [2m       - done scrolling[22m
    [2m       - element is outside of the viewport[22m
    [2m     - retrying click action[22m
    [2m       - waiting 500ms[22m


      153 |     
      154 |     // Confirm deletion
    > 155 |     await page.click('button:has-text("Delete")');
          |                ^
      156 |     await page.waitForTimeout(2000);
      157 |     
      158 |     // Verify group is removed (check that it doesn't exist anywhere)
        at /Users/jaron/Desktop/wedding-platform-v2/__tests__/e2e/guest/guestGroups.spec.ts:155:16

    attachment #1: screenshot (image/png) ──────────────────────────────────────────────────────────
    test-results/guest-guestGroups-Guest-Gr-592c7-groups-with-proper-handling-chromium-retry1/test-failed-1.png
    ────────────────────────────────────────────────────────────────────────────────────────────────

    attachment #2: video (video/webm) ──────────────────────────────────────────────────────────────
    test-results/guest-guestGroups-Guest-Gr-592c7-groups-with-proper-handling-chromium-retry1/video.webm
    ────────────────────────────────────────────────────────────────────────────────────────────────

    Error Context: test-results/guest-guestGroups-Guest-Gr-592c7-groups-with-proper-handling-chromium-retry1/error-context.md

    attachment #4: trace (application/zip) ─────────────────────────────────────────────────────────
    test-results/guest-guestGroups-Guest-Gr-592c7-groups-with-proper-handling-chromium-retry1/trace.zip
    Usage:

        npx playwright show-trace test-results/guest-guestGroups-Guest-Gr-592c7-groups-with-proper-handling-chromium-retry1/trace.zip

    ────────────────────────────────────────────────────────────────────────────────────────────────

  3) [chromium] › __tests__/e2e/guest/guestGroups.spec.ts:162:7 › Guest Groups Management › should handle multiple groups in dropdown correctly 

    TimeoutError: page.waitForLoadState: Timeout 30000ms exceeded.

      173 |       
      174 |       // Wait for operation to complete
    > 175 |       await page.waitForLoadState('networkidle');
          |                  ^
      176 |       
      177 |       // Clear the form for next group (form should already be cleared)
      178 |       const nameInput = page.locator('input[name="name"]');
        at /Users/jaron/Desktop/wedding-platform-v2/__tests__/e2e/guest/guestGroups.spec.ts:175:18

    attachment #1: screenshot (image/png) ──────────────────────────────────────────────────────────
    test-results/guest-guestGroups-Guest-Gr-b8c56-roups-in-dropdown-correctly-chromium/test-failed-1.png
    ────────────────────────────────────────────────────────────────────────────────────────────────

    attachment #2: video (video/webm) ──────────────────────────────────────────────────────────────
    test-results/guest-guestGroups-Guest-Gr-b8c56-roups-in-dropdown-correctly-chromium/video.webm
    ────────────────────────────────────────────────────────────────────────────────────────────────

    Error Context: test-results/guest-guestGroups-Guest-Gr-b8c56-roups-in-dropdown-correctly-chromium/error-context.md

    Retry #1 ───────────────────────────────────────────────────────────────────────────────────────

    TimeoutError: page.waitForLoadState: Timeout 30000ms exceeded.

      173 |       
      174 |       // Wait for operation to complete
    > 175 |       await page.waitForLoadState('networkidle');
          |                  ^
      176 |       
      177 |       // Clear the form for next group (form should already be cleared)
      178 |       const nameInput = page.locator('input[name="name"]');
        at /Users/jaron/Desktop/wedding-platform-v2/__tests__/e2e/guest/guestGroups.spec.ts:175:18

    Error: apiRequestContext._wrapApiCall: ENOENT: no such file or directory, open '/Users/jaron/Desktop/wedding-platform-v2/test-results/.playwright-artifacts-5/traces/9ccb35765aa3ce8cbc7a-3ef1c6e5f012f3c222ce-retry1.trace'

    Error: ENOENT: no such file or directory, open '/Users/jaron/Desktop/wedding-platform-v2/test-results/.playwright-artifacts-5/95615c4ec3a6fb6481eaa3f10de43258.zip'

    [31mTest timeout of 60000ms exceeded.[39m

    attachment #1: screenshot (image/png) ──────────────────────────────────────────────────────────
    test-results/guest-guestGroups-Guest-Gr-b8c56-roups-in-dropdown-correctly-chromium-retry1/test-failed-1.png
    ────────────────────────────────────────────────────────────────────────────────────────────────

    Error Context: test-results/guest-guestGroups-Guest-Gr-b8c56-roups-in-dropdown-correctly-chromium-retry1/error-context.md

  4) [chromium] › __tests__/e2e/guest/guestGroups.spec.ts:198:7 › Guest Groups Management › should show validation errors and handle form states 

    Error: [2mexpect([22m[31mlocator[39m[2m).[22mtoBeVisible[2m([22m[2m)[22m failed

    Locator: locator('text=Name is required')
    Expected: visible
    Timeout: 2000ms
    Error: element(s) not found

    Call log:
    [2m  - Expect "toBeVisible" with timeout 2000ms[22m
    [2m  - waiting for locator('text=Name is required')[22m


      204 |     
      205 |     // Should show validation error
    > 206 |     await expect(page.locator('text=Name is required')).toBeVisible({ timeout: 2000 });
          |                                                         ^
      207 |     
      208 |     // Step 2: Test loading state
      209 |     const groupName = `Loading Test ${Date.now()}`;
        at /Users/jaron/Desktop/wedding-platform-v2/__tests__/e2e/guest/guestGroups.spec.ts:206:57

    attachment #1: screenshot (image/png) ──────────────────────────────────────────────────────────
    test-results/guest-guestGroups-Guest-Gr-3e7e8-rors-and-handle-form-states-chromium/test-failed-1.png
    ────────────────────────────────────────────────────────────────────────────────────────────────

    attachment #2: video (video/webm) ──────────────────────────────────────────────────────────────
    test-results/guest-guestGroups-Guest-Gr-3e7e8-rors-and-handle-form-states-chromium/video.webm
    ────────────────────────────────────────────────────────────────────────────────────────────────

    Error Context: test-results/guest-guestGroups-Guest-Gr-3e7e8-rors-and-handle-form-states-chromium/error-context.md

    Retry #1 ───────────────────────────────────────────────────────────────────────────────────────

    Error: [2mexpect([22m[31mlocator[39m[2m).[22mtoBeVisible[2m([22m[2m)[22m failed

    Locator: locator('text=Name is required')
    Expected: visible
    Timeout: 2000ms
    Error: element(s) not found

    Call log:
    [2m  - Expect "toBeVisible" with timeout 2000ms[22m
    [2m  - waiting for locator('text=Name is required')[22m


      204 |     
      205 |     // Should show validation error
    > 206 |     await expect(page.locator('text=Name is required')).toBeVisible({ timeout: 2000 });
          |                                                         ^
      207 |     
      208 |     // Step 2: Test loading state
      209 |     const groupName = `Loading Test ${Date.now()}`;
        at /Users/jaron/Desktop/wedding-platform-v2/__tests__/e2e/guest/guestGroups.spec.ts:206:57

    attachment #1: screenshot (image/png) ──────────────────────────────────────────────────────────
    test-results/guest-guestGroups-Guest-Gr-3e7e8-rors-and-handle-form-states-chromium-retry1/test-failed-1.png
    ────────────────────────────────────────────────────────────────────────────────────────────────

    attachment #2: video (video/webm) ──────────────────────────────────────────────────────────────
    test-results/guest-guestGroups-Guest-Gr-3e7e8-rors-and-handle-form-states-chromium-retry1/video.webm
    ────────────────────────────────────────────────────────────────────────────────────────────────

    Error Context: test-results/guest-guestGroups-Guest-Gr-3e7e8-rors-and-handle-form-states-chromium-retry1/error-context.md

    attachment #4: trace (application/zip) ─────────────────────────────────────────────────────────
    test-results/guest-guestGroups-Guest-Gr-3e7e8-rors-and-handle-form-states-chromium-retry1/trace.zip
    Usage:

        npx playwright show-trace test-results/guest-guestGroups-Guest-Gr-3e7e8-rors-and-handle-form-states-chromium-retry1/trace.zip

    ────────────────────────────────────────────────────────────────────────────────────────────────

  5) [chromium] › __tests__/e2e/guest/guestGroups.spec.ts:308:7 › Dropdown Reactivity & State Management › should handle async params and maintain state across navigation 

    Error: [2mexpect([22m[31mreceived[39m[2m).[22mtoContain[2m([22m[32mexpected[39m[2m) // indexOf[22m

    Expected value: [32m"Navigation Test 1771260066768"[39m
    Received array: [31m["Select Group"][39m

      338 |     const options = await groupSelect.locator('option').allTextContents();
      339 |     
    > 340 |     expect(options).toContain(groupName);
          |                     ^
      341 |   });
      342 |   
      343 |   test('should handle loading and error states in dropdown', async ({ page }) => {
        at /Users/jaron/Desktop/wedding-platform-v2/__tests__/e2e/guest/guestGroups.spec.ts:340:21

    attachment #1: screenshot (image/png) ──────────────────────────────────────────────────────────
    test-results/guest-guestGroups-Dropdown-a7ff2-ain-state-across-navigation-chromium/test-failed-1.png
    ────────────────────────────────────────────────────────────────────────────────────────────────

    attachment #2: video (video/webm) ──────────────────────────────────────────────────────────────
    test-results/guest-guestGroups-Dropdown-a7ff2-ain-state-across-navigation-chromium/video.webm
    ────────────────────────────────────────────────────────────────────────────────────────────────

    Error Context: test-results/guest-guestGroups-Dropdown-a7ff2-ain-state-across-navigation-chromium/error-context.md

    Retry #1 ───────────────────────────────────────────────────────────────────────────────────────

    Error: [2mexpect([22m[31mreceived[39m[2m).[22mtoContain[2m([22m[32mexpected[39m[2m) // indexOf[22m

    Expected value: [32m"Navigation Test 1771260071937"[39m
    Received array: [31m["Select Group"][39m

      338 |     const options = await groupSelect.locator('option').allTextContents();
      339 |     
    > 340 |     expect(options).toContain(groupName);
          |                     ^
      341 |   });
      342 |   
      343 |   test('should handle loading and error states in dropdown', async ({ page }) => {
        at /Users/jaron/Desktop/wedding-platform-v2/__tests__/e2e/guest/guestGroups.spec.ts:340:21

    attachment #1: screenshot (image/png) ──────────────────────────────────────────────────────────
    test-results/guest-guestGroups-Dropdown-a7ff2-ain-state-across-navigation-chromium-retry1/test-failed-1.png
    ────────────────────────────────────────────────────────────────────────────────────────────────

    attachment #2: video (video/webm) ──────────────────────────────────────────────────────────────
    test-results/guest-guestGroups-Dropdown-a7ff2-ain-state-across-navigation-chromium-retry1/video.webm
    ────────────────────────────────────────────────────────────────────────────────────────────────

    Error Context: test-results/guest-guestGroups-Dropdown-a7ff2-ain-state-across-navigation-chromium-retry1/error-context.md

    attachment #4: trace (application/zip) ─────────────────────────────────────────────────────────
    test-results/guest-guestGroups-Dropdown-a7ff2-ain-state-across-navigation-chromium-retry1/trace.zip
    Usage:

        npx playwright show-trace test-results/guest-guestGroups-Dropdown-a7ff2-ain-state-across-navigation-chromium-retry1/trace.zip

    ────────────────────────────────────────────────────────────────────────────────────────────────

  6) [chromium] › __tests__/e2e/guest/guestGroups.spec.ts:343:7 › Dropdown Reactivity & State Management › should handle loading and error states in dropdown 

    Error: [2mexpect([22m[31mreceived[39m[2m).[22mtoBe[2m([22m[32mexpected[39m[2m) // Object.is equality[22m

    Expected: [32mtrue[39m
    Received: [31mfalse[39m

      355 |     const hasLoadingText = await page.locator('text=Loading').isVisible().catch(() => false);
      356 |     
    > 357 |     expect(isDisabled || hasLoadingText).toBe(true);
          |                                          ^
      358 |     
      359 |     // Wait for loading to complete
      360 |     await page.waitForTimeout(1500);
        at /Users/jaron/Desktop/wedding-platform-v2/__tests__/e2e/guest/guestGroups.spec.ts:357:42

    attachment #1: screenshot (image/png) ──────────────────────────────────────────────────────────
    test-results/guest-guestGroups-Dropdown-71fc3-nd-error-states-in-dropdown-chromium/test-failed-1.png
    ────────────────────────────────────────────────────────────────────────────────────────────────

    attachment #2: video (video/webm) ──────────────────────────────────────────────────────────────
    test-results/guest-guestGroups-Dropdown-71fc3-nd-error-states-in-dropdown-chromium/video.webm
    ────────────────────────────────────────────────────────────────────────────────────────────────

    Error Context: test-results/guest-guestGroups-Dropdown-71fc3-nd-error-states-in-dropdown-chromium/error-context.md

    Retry #1 ───────────────────────────────────────────────────────────────────────────────────────

    Error: [2mexpect([22m[31mreceived[39m[2m).[22mtoBe[2m([22m[32mexpected[39m[2m) // Object.is equality[22m

    Expected: [32mtrue[39m
    Received: [31mfalse[39m

      355 |     const hasLoadingText = await page.locator('text=Loading').isVisible().catch(() => false);
      356 |     
    > 357 |     expect(isDisabled || hasLoadingText).toBe(true);
          |                                          ^
      358 |     
      359 |     // Wait for loading to complete
      360 |     await page.waitForTimeout(1500);
        at /Users/jaron/Desktop/wedding-platform-v2/__tests__/e2e/guest/guestGroups.spec.ts:357:42

    attachment #1: screenshot (image/png) ──────────────────────────────────────────────────────────
    test-results/guest-guestGroups-Dropdown-71fc3-nd-error-states-in-dropdown-chromium-retry1/test-failed-1.png
    ────────────────────────────────────────────────────────────────────────────────────────────────

    attachment #2: video (video/webm) ──────────────────────────────────────────────────────────────
    test-results/guest-guestGroups-Dropdown-71fc3-nd-error-states-in-dropdown-chromium-retry1/video.webm
    ────────────────────────────────────────────────────────────────────────────────────────────────

    Error Context: test-results/guest-guestGroups-Dropdown-71fc3-nd-error-states-in-dropdown-chromium-retry1/error-context.md

    attachment #4: trace (application/zip) ─────────────────────────────────────────────────────────
    test-results/guest-guestGroups-Dropdown-71fc3-nd-error-states-in-dropdown-chromium-retry1/trace.zip
    Usage:

        npx playwright show-trace test-results/guest-guestGroups-Dropdown-71fc3-nd-error-states-in-dropdown-chromium-retry1/trace.zip

    ────────────────────────────────────────────────────────────────────────────────────────────────

  6 failed
    [chromium] › __tests__/e2e/guest/guestGroups.spec.ts:53:7 › Guest Groups Management › should create group and immediately use it for guest creation 
    [chromium] › __tests__/e2e/guest/guestGroups.spec.ts:131:7 › Guest Groups Management › should update and delete groups with proper handling 
    [chromium] › __tests__/e2e/guest/guestGroups.spec.ts:162:7 › Guest Groups Management › should handle multiple groups in dropdown correctly 
    [chromium] › __tests__/e2e/guest/guestGroups.spec.ts:198:7 › Guest Groups Management › should show validation errors and handle form states 
    [chromium] › __tests__/e2e/guest/guestGroups.spec.ts:308:7 › Dropdown Reactivity & State Management › should handle async params and maintain state across navigation 
    [chromium] › __tests__/e2e/guest/guestGroups.spec.ts:343:7 › Dropdown Reactivity & State Management › should handle loading and error states in dropdown 
  3 skipped
  3 passed (4.1m)

[36m  Serving HTML report at http://localhost:50207. Press Ctrl+C to quit.[39m
